// Jest Snapshot v1, https://goo.gl/fbAQLP

exports[`ListErrors Component Should match the snapshot 1`] = `
<ul
  className="error-messages"
  id="error-messages"
>
  <li>
    error1
     
    error1Value
  </li>
  <li>
    error2
     
    error2Value
  </li>
</ul>
`;
