// Jest Snapshot v1, https://goo.gl/fbAQLP

exports[`ArticlePreview Component Should match the snapshot 1`] = `
<div
  className="article-preview"
  id="article-preview"
>
  <div
    className="article-meta"
  >
    <a
      href="/@tester96"
      onClick={[Function]}
    >
      <img
        alt="tester96"
        src=""
      />
    </a>
    <div
      className="info"
    >
      <a
        className="author"
        href="/@tester96"
        onClick={[Function]}
      >
        tester96
      </a>
      <span
        className="date"
      >
        Sat Jun 29 2019
      </span>
    </div>
    <div
      className="pull-xs-right"
    >
      <button
        className="btn btn-sm btn-outline-primary"
        onClick={[Function]}
      >
        <i
          className="ion-heart"
        />
         
        1
      </button>
    </div>
  </div>
  <a
    className="preview-link"
    href="/article/a-title-7ua6fd"
    onClick={[Function]}
  >
    <h1>
      Untitled Title
    </h1>
    <p>
      o niƒçem
    </p>
    <span>
      Read more...
    </span>
    <ul
      className="tag-list"
    >
      <li
        className="tag-default tag-pill tag-outline"
      >
        nothing
      </li>
      <li
        className="tag-default tag-pill tag-outline"
      >
        nic
      </li>
    </ul>
  </a>
</div>
`;
