// Jest Snapshot v1, https://goo.gl/fbAQLP

exports[`Home Component Should match the snapshot 1`] = `
<div
  className="home-page"
  id="home-page"
>
  <div
    className="container page"
  >
    <div
      className="row"
    >
      <div
        className="col-md-9"
        id="main-view"
      >
        <div
          className="feed-toggle"
        >
          <ul
            className="nav nav-pills outline-active"
          >
            <li
              className="nav-item"
            >
              <a
                className="nav-link"
                href=""
                onClick={[Function]}
              >
                Your Feed
              </a>
            </li>
            <li
              className="nav-item"
            >
              <a
                className="nav-link"
                href=""
                onClick={[Function]}
              >
                Global Feed
              </a>
            </li>
          </ul>
        </div>
        <div
          className="article-preview"
        >
          Loading...
        </div>
      </div>
      <div
        className="col-md-3"
      >
        <div
          className="sidebar"
        >
          <p>
            Popular Tags
          </p>
          <div
            className="tag-list"
            id="tag-list"
          >
            <a
              className="tag-default tag-pill"
              href=""
              onClick={[Function]}
            >
              tag1
            </a>
            <a
              className="tag-default tag-pill"
              href=""
              onClick={[Function]}
            >
              tag2
            </a>
          </div>
        </div>
      </div>
    </div>
  </div>
</div>
`;
