// Jest Snapshot v1, https://goo.gl/fbAQLP

exports[`CommentList Component Should match the snapshot 1`] = `
<div>
  <div
    className="card"
    id="comment-card"
  >
    <div
      className="card-block"
    >
      <p
        className="card-text"
      >
        Test body
      </p>
    </div>
    <div
      className="card-footer"
    >
      <a
        className="comment-author"
        href="/@test username"
        id="comment-author-image"
        onClick={[Function]}
      >
        <img
          alt="test username"
          className="comment-author-img"
          src=""
        />
      </a>
       
      <a
        className="comment-author"
        href="/@test username"
        id="comment-author"
        onClick={[Function]}
      >
        test username
      </a>
      <span
        className="date-posted"
        id="comment-created"
      >
        Sat Jun 29 2019
      </span>
      <span
        className="mod-options"
        id="delete-button"
      >
        <i
          className="ion-trash-a"
          onClick={[Function]}
        />
      </span>
    </div>
  </div>
  <div
    className="card"
    id="comment-card"
  >
    <div
      className="card-block"
    >
      <p
        className="card-text"
      >
        Test body 2
      </p>
    </div>
    <div
      className="card-footer"
    >
      <a
        className="comment-author"
        href="/@test username 2"
        id="comment-author-image"
        onClick={[Function]}
      >
        <img
          alt="test username 2"
          className="comment-author-img"
          src=""
        />
      </a>
       
      <a
        className="comment-author"
        href="/@test username 2"
        id="comment-author"
        onClick={[Function]}
      >
        test username 2
      </a>
      <span
        className="date-posted"
        id="comment-created"
      >
        Sun Jun 30 2019
      </span>
    </div>
  </div>
</div>
`;
