// Jest Snapshot v1, https://goo.gl/fbAQLP

exports[`Article Actions Component canModify === false Should match the snapshot 1`] = `<span />`;

exports[`Article Actions Component canModify === true Should match the snapshot 1`] = `
<span
  id="article-actions"
>
  <a
    className="btn btn-outline-secondary btn-sm"
    href="/editor/test_slug1"
    id="article-actions-edit"
    onClick={[Function]}
  >
    <i
      className="ion-edit"
    />
     Edit Article
  </a>
  <button
    className="btn btn-outline-danger btn-sm"
    id="article-actions-delete"
    onClick={[Function]}
  >
    <i
      className="ion-trash-a"
    />
     Delete Article
  </button>
</span>
`;
