// Jest Snapshot v1, https://goo.gl/fbAQLP

exports[`DeleteButton Component show === false Should match the snapshot 1`] = `null`;

exports[`DeleteButton Component show === true Should match the snapshot 1`] = `
<span
  className="mod-options"
  id="delete-button"
>
  <i
    className="ion-trash-a"
    onClick={[Function]}
  />
</span>
`;
